Unable to Get Permissions
Unable To Set random Profile Photos
Unable To Set random Profile Photos
Unable to Get Permissions
Unable To Set random Profile Photos
Unable To Set random Profile Photos
Unable to Get Permissions
Unable To Set random Profile Photos
Unable To Set random Profile Photos
Unable to Get Permissions
Unable To Set random Profile Photos
Unable To Set random Profile Photos
Unable to Get Permissions
Unable to Get Permissions
Unable to Get Permissions
Unable To Set random Profile Photos
Unable To Set random Profile Photos
Unable to Get Permissions
Unable To Set random Profile Photos
Unable to Get Permissions
Unable To Set random Profile Photos
Unable to Get Permissions
Unable To Set random Profile Photos
Unable to Get Permissions
Unable To Set random Profile Photos
Unable to Get Permissions
Unable To Set random Profile Photos
Unable to Get Permissions
Unable To Set random Profile Photos
Unable to Get Permissions
Unable To Set random Profile Photos
Unable to Get Permissions
Unable To Set random Profile Photos
Unable to Get Permissions
Unable To Set random Profile Photos
Unable to Get Permissions
Unable To Set random Profile Photos
Unable to Get Permissions
Unable To Set random Profile Photos
Unable to Get Permissions
Unable To Set random Profile Photos
Unable to Get Permissions
Unable To Set random Profile Photos
Unable to Get Permissions
Unable To Set random Profile Photos
Unable to Get Permissions
Unable To Set random Profile Photos
Unable to Get Permissions
Unable To Set random Profile Photos
Unable to Get Permissions
Unable To Set random Profile Photos
Unable to Get Permissions
Unable To Set random Profile Photos
Unable to Get Permissions
Unable To Set random Profile Photos
Unable to Get Permissions
Unable To Set random Profile Photos
Unable to Get Permissions
Unable To Set random Profile Photos
Unable to Get Permissions
Unable To Set random Profile Photos
Unable to Get Permissions
Unable To Set random Profile Photos
Unable to Get Permissions
Unable To Set random Profile Photos
Unable to Get Permissions
Unable To Set random Profile Photos
Unable to Get Permissions
Unable To Set random Profile Photos
Unable to Get Permissions
Unable To Set random Profile Photos
Unable to Get Permissions
Unable To Set random Profile Photos
Unable to Get Permissions
Unable To Set random Profile Photos
Unable to Get Permissions
Unable To Set random Profile Photos
Unable to Get Permissions
Unable To Set random Profile Photos
Unable to Get Permissions
Unable To Set random Profile Photos
Unable to Get Permissions
Unable To Set random Profile Photos
Unable to Get Permissions
Unable To Set random Profile Photos
Unable to Get Permissions
Unable To Set random Profile Photos
Unable to Get Permissions
Unable To Set random Profile Photos
Unable to Get Permissions
Unable To Set random Profile Photos
Unable to Get Permissions
Unable To Set random Profile Photos
Unable to Get Permissions
Unable To Set random Profile Photos
Unable to Get Permissions
Unable To Set random Profile Photos
Unable to Get Permissions
Unable To Set random Profile Photos
Unable to Get Permissions
Unable To Set random Profile Photos
Unable to Get Permissions
Unable To Set random Profile Photos
Unable to Get Permissions
Unable To Set random Profile Photos
Unable to Get Permissions
Unable To Set random Profile Photos
Unable to Get Permissions
Unable to Get Permissions
Unable to Get Permissions
Unable to Get Permissions
Unable to Get Permissions
Unable to Get Permissions
Unable to Get Permissions
Unable to Get Permissions
Unable to Get Permissions
Unable to Get Permissions
Unable to Get Permissions
Unable to Get Permissions
Unable to Get Permissions
Unable to Get Permissions
Unable to Get Permissions
Unable to Get Permissions
Unable to Get Permissions
Unable to Get Permissions
Unable to Get Permissions
Unable to Get Permissions
Unable to Get Permissions
Unable to Get Permissions
Unable to Get Permissions
Unable to Get Permissions
Unable to Get Permissions
Unable to Get Permissions
Unable to Get Permissions
Unable to Get Permissions
Unable to Get Permissions
Unable to Get Permissions
Unable to Get Permissions
Unable to Get Permissions
Unable to Get Permissions
Unable to Get Permissions
Unable to Get Permissions
Unable to Get Permissions
Unable to Get Permissions
Unable to Get Permissions
Unable to Get Permissions
Unable to Get Permissions
Unable to Get Permissions
Unable to Get Permissions
Unable to Get Permissions
Unable to Get Permissions
Unable to Get Permissions
Unable to Get Permissions
Unable to Get Permissions
Unable to Get Permissions
Unable to Get Permissions
Unable to Get Permissions
Unable to Get Permissions
Unable to Get Permissions
Unable to Get Permissions
Unable to Get Permissions
Unable to Get Permissions
Unable to Get Permissions
Unable to Get Permissions
Unable to Get Permissions
Unable to Get Permissions
Unable to Get Permissions
Unable to Get Permissions
